================================================================================
|       BEGIN LOGGING - Sunday, 02.August 2026, 18:10:49                       |
================================================================================
[0][INFO    ]------(0.000 sec) Creating the block structure ...
[0][INFO    ]------(0.001 sec) SetupBlockForest created successfully:
[0]                            - AABB: [ <0,0,0>, <64,64,64> ]
[0]                            - initial decomposition: 1 x 1 x 1 (= forest size)
[0]                            - periodicity: false x false x false
[0]                            - number of blocks discarded from the initial grid: 0 (= 0 %)
[0]                            - number of levels: 1
[0]                            - tree ID digits: 1 (-> block ID bytes = 1)
[0]                            - total number of blocks: 1
[0]                            - number of processes: 1 (1 worker process(es) / 0 empty buffer process(es))
[0]                            - buffer processes are inserted into the process network: no
[0]                            - process ID bytes: 0
[0]                            - blocks/memory/workload per process:
[0]                               + blocks:
[0]                                  - min       = 1
[0]                                  - max       = 1
[0]                                  - avg       = 1
[0]                                  - stdDev    = 0
[0]                                  - relStdDev = 0
[0]                               + memory:
[0]                                  - min       = 1
[0]                                  - max       = 1
[0]                                  - avg       = 1
[0]                                  - stdDev    = 0
[0]                                  - relStdDev = 0
[0]                               + workload:
[0]                                  - min       = 1
[0]                                  - max       = 1
[0]                                  - avg       = 1
[0]                                  - stdDev    = 0
[0]                                  - relStdDev = 0
[0][INFO    ]------(0.199 sec) BlockForest information:
[0]                            - LBM-specific block structure data:
[0]                               + AABB:        [ <0,0,0>, <64,64,64> ]
[0]                               + forest size: 1 x 1 x 1 blocks
[0]                               + periodicity: false x false x false
[0]                               + blocks:      1
[0]                               + block size:  64 x 64 x 64 cells
[0]                               + cells:       262144
[0]                               + fluid cells: 238328 (90.9149 % of all cells)
[0]                               + pseudo 2D:   no
[0]                            - data structure specific parameters:
[0]                               + tree ID digits: 1 (-> block ID bytes = 1)
[0]                               + process ID bytes: 0
[0][INFO    ]------(0.199 sec) Benchmark parameters:
[0]                            - collision model:                 SRT
[0]                            - stencil:                         D3Q19
[0]                            - compressible:                    no
[0]                            - fused (stream & collide) kernel: no
[0]                            - split (collision) kernel:        yes
[0]                            - pure kernel:                     yes (collision is also performed within obstacle cells)
[0]                            - data layout:                     fzyx (structure of arrays [SoA])
[0]                            - communication:                   direction-aware optimizations
[0]                            - direct communication:            disabled
[0][RESULT  ]------(6.186 sec) Time loop timing:
[0]                            Timer                           |       % |          Total|        Average|          Count|            Min|            Max|       Variance|
[0]                            -------------------------------------------------------------------------------------------------------------------------------------------
[0]                            LB boundary sweep               |   8.43% |           0.50|          0.013|             40|          0.011|          0.035|          0.000|
[0]                            LB communication                |   0.02% |           0.00|          0.000|             40|          0.000|          0.000|          0.000|
[0]                            split pure LB sweep (collide)   |  68.34% |           4.09|          0.102|             40|          0.101|          0.103|          0.000|
[0]                            split pure LB sweep (stream)    |  23.21% |           1.39|          0.035|             40|          0.032|          0.139|          0.000|
[0]                            
[0][RESULT  ]------(6.186 sec) Simulation performance:
[0]                            - processes:   1
[0]                            - threads:     1 (threads per process = 1, threads per core = n/a *))
[0]                            - cores:       n/a *)
[0]                            - time steps:  40
[0]                            - time:        5.98454 sec
[0]                            - cells:       262144
[0]                            - fluid cells: 238328 (90.9149 % of all cells)
[0]                            - performance: 1.75214 MLUPS (million lattice cell updates per second)
[0]                                           1.75214 MLUPS / process
[0]                                           n/a *) MLUPS / core
[0]                                           1.59296 MFLUPS (million fluid lattice cell updates per second)
[0]                                           1.59296 MFLUPS / process
[0]                                           n/a *) MFLUPS / core
[0]                                           6.68388 time steps / second
[0]                            - build / run information:
[0]                               + host machine:   orangepirv2
[0]                               + build machine:  orangepirv2
[0]                               + git SHA1:       GITDIR-NOTFOUND
[0]                               + build type:     Release
[0]                               + compiler flags: -O3 -DNDEBUG -O2 -ftree-vectorize -march=rv64gc -mabi=lp64d -fno-math-errno -fPIC -Wall -Wconversion -Wshadow -Wfloat-equal -Wextra -pedantic -Wno-maybe-uninitialized -Wno-array-bounds -pthread 
[0]                            
[0]                              *) only available if environment variable 'THREADS_PER_CORE' is set
[0][RESULT  ]-----(12.024 sec) Time loop timing:
[0]                            Timer                           |       % |          Total|        Average|          Count|            Min|            Max|       Variance|
[0]                            -------------------------------------------------------------------------------------------------------------------------------------------
[0]                            LB boundary sweep               |   8.21% |           0.48|          0.012|             40|          0.010|          0.012|          0.000|
[0]                            LB communication                |   0.02% |           0.00|          0.000|             40|          0.000|          0.000|          0.000|
[0]                            split pure LB sweep (collide)   |  69.83% |           4.07|          0.102|             40|          0.101|          0.103|          0.000|
[0]                            split pure LB sweep (stream)    |  21.94% |           1.28|          0.032|             40|          0.032|          0.032|          0.000|
[0]                            
[0][RESULT  ]-----(12.024 sec) Simulation performance:
[0]                            - processes:   1
[0]                            - threads:     1 (threads per process = 1, threads per core = n/a *))
[0]                            - cores:       n/a *)
[0]                            - time steps:  40
[0]                            - time:        5.8374 sec
[0]                            - cells:       262144
[0]                            - fluid cells: 238328 (90.9149 % of all cells)
[0]                            - performance: 1.79631 MLUPS (million lattice cell updates per second)
[0]                                           1.79631 MLUPS / process
[0]                                           n/a *) MLUPS / core
[0]                                           1.63311 MFLUPS (million fluid lattice cell updates per second)
[0]                                           1.63311 MFLUPS / process
[0]                                           n/a *) MFLUPS / core
[0]                                           6.85236 time steps / second
[0]                            - build / run information:
[0]                               + host machine:   orangepirv2
[0]                               + build machine:  orangepirv2
[0]                               + git SHA1:       GITDIR-NOTFOUND
[0]                               + build type:     Release
[0]                               + compiler flags: -O3 -DNDEBUG -O2 -ftree-vectorize -march=rv64gc -mabi=lp64d -fno-math-errno -fPIC -Wall -Wconversion -Wshadow -Wfloat-equal -Wextra -pedantic -Wno-maybe-uninitialized -Wno-array-bounds -pthread 
[0]                            
[0]                              *) only available if environment variable 'THREADS_PER_CORE' is set
[0][RESULT  ]-----(17.848 sec) Time loop timing:
[0]                            Timer                           |       % |          Total|        Average|          Count|            Min|            Max|       Variance|
[0]                            -------------------------------------------------------------------------------------------------------------------------------------------
[0]                            LB boundary sweep               |   8.19% |           0.48|          0.012|             40|          0.009|          0.012|          0.000|
[0]                            LB communication                |   0.02% |           0.00|          0.000|             40|          0.000|          0.000|          0.000|
[0]                            split pure LB sweep (collide)   |  69.78% |           4.06|          0.102|             40|          0.101|          0.102|          0.000|
[0]                            split pure LB sweep (stream)    |  22.01% |           1.28|          0.032|             40|          0.032|          0.032|          0.000|
[0]                            
[0][RESULT  ]-----(17.848 sec) Simulation performance:
[0]                            - processes:   1
[0]                            - threads:     1 (threads per process = 1, threads per core = n/a *))
[0]                            - cores:       n/a *)
[0]                            - time steps:  40
[0]                            - time:        5.82261 sec
[0]                            - cells:       262144
[0]                            - fluid cells: 238328 (90.9149 % of all cells)
[0]                            - performance: 1.80087 MLUPS (million lattice cell updates per second)
[0]                                           1.80087 MLUPS / process
[0]                                           n/a *) MLUPS / core
[0]                                           1.63726 MFLUPS (million fluid lattice cell updates per second)
[0]                                           1.63726 MFLUPS / process
[0]                                           n/a *) MFLUPS / core
[0]                                           6.86977 time steps / second
[0]                            - build / run information:
[0]                               + host machine:   orangepirv2
[0]                               + build machine:  orangepirv2
[0]                               + git SHA1:       GITDIR-NOTFOUND
[0]                               + build type:     Release
[0]                               + compiler flags: -O3 -DNDEBUG -O2 -ftree-vectorize -march=rv64gc -mabi=lp64d -fno-math-errno -fPIC -Wall -Wconversion -Wshadow -Wfloat-equal -Wextra -pedantic -Wno-maybe-uninitialized -Wno-array-bounds -pthread 
[0]                            
[0]                              *) only available if environment variable 'THREADS_PER_CORE' is set
[0][RESULT  ]-----(23.669 sec) Time loop timing:
[0]                            Timer                           |       % |          Total|        Average|          Count|            Min|            Max|       Variance|
[0]                            -------------------------------------------------------------------------------------------------------------------------------------------
[0]                            LB boundary sweep               |   8.33% |           0.48|          0.012|             40|          0.011|          0.013|          0.000|
[0]                            LB communication                |   0.02% |           0.00|          0.000|             40|          0.000|          0.000|          0.000|
[0]                            split pure LB sweep (collide)   |  69.63% |           4.05|          0.101|             40|          0.101|          0.102|          0.000|
[0]                            split pure LB sweep (stream)    |  22.02% |           1.28|          0.032|             40|          0.032|          0.032|          0.000|
[0]                            
[0][RESULT  ]-----(23.670 sec) Simulation performance:
[0]                            - processes:   1
[0]                            - threads:     1 (threads per process = 1, threads per core = n/a *))
[0]                            - cores:       n/a *)
[0]                            - time steps:  40
[0]                            - time:        5.82123 sec
[0]                            - cells:       262144
[0]                            - fluid cells: 238328 (90.9149 % of all cells)
[0]                            - performance: 1.8013 MLUPS (million lattice cell updates per second)
[0]                                           1.8013 MLUPS / process
[0]                                           n/a *) MLUPS / core
[0]                                           1.63765 MFLUPS (million fluid lattice cell updates per second)
[0]                                           1.63765 MFLUPS / process
[0]                                           n/a *) MFLUPS / core
[0]                                           6.87141 time steps / second
[0]                            - build / run information:
[0]                               + host machine:   orangepirv2
[0]                               + build machine:  orangepirv2
[0]                               + git SHA1:       GITDIR-NOTFOUND
[0]                               + build type:     Release
[0]                               + compiler flags: -O3 -DNDEBUG -O2 -ftree-vectorize -march=rv64gc -mabi=lp64d -fno-math-errno -fPIC -Wall -Wconversion -Wshadow -Wfloat-equal -Wextra -pedantic -Wno-maybe-uninitialized -Wno-array-bounds -pthread 
[0]                            
[0]                              *) only available if environment variable 'THREADS_PER_CORE' is set
[0][RESULT  ]-----(29.449 sec) Time loop timing:
[0]                            Timer                           |       % |          Total|        Average|          Count|            Min|            Max|       Variance|
[0]                            -------------------------------------------------------------------------------------------------------------------------------------------
[0]                            LB boundary sweep               |   8.33% |           0.48|          0.012|             40|          0.010|          0.012|          0.000|
[0]                            LB communication                |   0.02% |           0.00|          0.000|             40|          0.000|          0.000|          0.000|
[0]                            split pure LB sweep (collide)   |  69.47% |           4.01|          0.100|             40|          0.099|          0.102|          0.000|
[0]                            split pure LB sweep (stream)    |  22.17% |           1.28|          0.032|             40|          0.032|          0.032|          0.000|
[0]                            
[0][RESULT  ]-----(29.449 sec) Simulation performance:
[0]                            - processes:   1
[0]                            - threads:     1 (threads per process = 1, threads per core = n/a *))
[0]                            - cores:       n/a *)
[0]                            - time steps:  40
[0]                            - time:        5.7789 sec
[0]                            - cells:       262144
[0]                            - fluid cells: 238328 (90.9149 % of all cells)
[0]                            - performance: 1.81449 MLUPS (million lattice cell updates per second)
[0]                                           1.81449 MLUPS / process
[0]                                           n/a *) MLUPS / core
[0]                                           1.64964 MFLUPS (million fluid lattice cell updates per second)
[0]                                           1.64964 MFLUPS / process
[0]                                           n/a *) MFLUPS / core
[0]                                           6.92173 time steps / second
[0]                            - build / run information:
[0]                               + host machine:   orangepirv2
[0]                               + build machine:  orangepirv2
[0]                               + git SHA1:       GITDIR-NOTFOUND
[0]                               + build type:     Release
[0]                               + compiler flags: -O3 -DNDEBUG -O2 -ftree-vectorize -march=rv64gc -mabi=lp64d -fno-math-errno -fPIC -Wall -Wconversion -Wshadow -Wfloat-equal -Wextra -pedantic -Wno-maybe-uninitialized -Wno-array-bounds -pthread 
[0]                            
[0]                              *) only available if environment variable 'THREADS_PER_CORE' is set
[0][INFO    ]-----(29.450 sec) BlockForest information:
[0]                            - LBM-specific block structure data:
[0]                               + AABB:        [ <0,0,0>, <64,64,64> ]
[0]                               + forest size: 1 x 1 x 1 blocks
[0]                               + periodicity: false x false x false
[0]                               + blocks:      1
[0]                               + block size:  64 x 64 x 64 cells
[0]                               + cells:       262144
[0]                               + fluid cells: 238328 (90.9149 % of all cells)
[0]                               + pseudo 2D:   no
[0]                            - data structure specific parameters:
[0]                               + tree ID digits: 1 (-> block ID bytes = 1)
[0]                               + process ID bytes: 0
[0][INFO    ]-----(29.450 sec) Benchmark parameters:
[0]                            - collision model:                 SRT
[0]                            - stencil:                         D3Q19
[0]                            - compressible:                    no
[0]                            - fused (stream & collide) kernel: no
[0]                            - split (collision) kernel:        yes
[0]                            - pure kernel:                     yes (collision is also performed within obstacle cells)
[0]                            - data layout:                     fzyx (structure of arrays [SoA])
[0]                            - communication:                   direction-aware optimizations
[0]                            - direct communication:            disabled
================================================================================
|         END LOGGING - Sunday, 02.August 2026, 18:11:18                       |
================================================================================
