================================================================================
|       BEGIN LOGGING - Sunday, 02.August 2026, 18:11:19                       |
================================================================================
[0][INFO    ]------(0.000 sec) Creating the block structure ...
[0][INFO    ]------(0.001 sec) SetupBlockForest created successfully:
[0]                            - AABB: [ <0,0,0>, <64,64,64> ]
[0]                            - initial decomposition: 1 x 1 x 1 (= forest size)
[0]                            - periodicity: false x false x false
[0]                            - number of blocks discarded from the initial grid: 0 (= 0 %)
[0]                            - number of levels: 1
[0]                            - tree ID digits: 1 (-> block ID bytes = 1)
[0]                            - total number of blocks: 1
[0]                            - number of processes: 1 (1 worker process(es) / 0 empty buffer process(es))
[0]                            - buffer processes are inserted into the process network: no
[0]                            - process ID bytes: 0
[0]                            - blocks/memory/workload per process:
[0]                               + blocks:
[0]                                  - min       = 1
[0]                                  - max       = 1
[0]                                  - avg       = 1
[0]                                  - stdDev    = 0
[0]                                  - relStdDev = 0
[0]                               + memory:
[0]                                  - min       = 1
[0]                                  - max       = 1
[0]                                  - avg       = 1
[0]                                  - stdDev    = 0
[0]                                  - relStdDev = 0
[0]                               + workload:
[0]                                  - min       = 1
[0]                                  - max       = 1
[0]                                  - avg       = 1
[0]                                  - stdDev    = 0
[0]                                  - relStdDev = 0
[0][INFO    ]------(0.202 sec) BlockForest information:
[0]                            - LBM-specific block structure data:
[0]                               + AABB:        [ <0,0,0>, <64,64,64> ]
[0]                               + forest size: 1 x 1 x 1 blocks
[0]                               + periodicity: false x false x false
[0]                               + blocks:      1
[0]                               + block size:  64 x 64 x 64 cells
[0]                               + cells:       262144
[0]                               + fluid cells: 238328 (90.9149 % of all cells)
[0]                               + pseudo 2D:   no
[0]                            - data structure specific parameters:
[0]                               + tree ID digits: 1 (-> block ID bytes = 1)
[0]                               + process ID bytes: 0
[0][INFO    ]------(0.203 sec) Benchmark parameters:
[0]                            - collision model:                 SRT
[0]                            - stencil:                         D3Q19
[0]                            - compressible:                    no
[0]                            - fused (stream & collide) kernel: no
[0]                            - split (collision) kernel:        yes
[0]                            - pure kernel:                     yes (collision is also performed within obstacle cells)
[0]                            - data layout:                     fzyx (structure of arrays [SoA])
[0]                            - communication:                   direction-aware optimizations
[0]                            - direct communication:            disabled
[0][RESULT  ]------(4.870 sec) Time loop timing:
[0]                            Timer                           |       % |          Total|        Average|          Count|            Min|            Max|       Variance|
[0]                            -------------------------------------------------------------------------------------------------------------------------------------------
[0]                            LB boundary sweep               |  12.54% |           0.58|          0.015|             40|          0.014|          0.037|          0.000|
[0]                            LB communication                |   0.02% |           0.00|          0.000|             40|          0.000|          0.000|          0.000|
[0]                            split pure LB sweep (collide)   |  56.36% |           2.63|          0.066|             40|          0.064|          0.067|          0.000|
[0]                            split pure LB sweep (stream)    |  31.08% |           1.45|          0.036|             40|          0.033|          0.142|          0.000|
[0]                            
[0][RESULT  ]------(4.870 sec) Simulation performance:
[0]                            - processes:   1
[0]                            - threads:     1 (threads per process = 1, threads per core = n/a *))
[0]                            - cores:       n/a *)
[0]                            - time steps:  40
[0]                            - time:        4.665 sec
[0]                            - cells:       262144
[0]                            - fluid cells: 238328 (90.9149 % of all cells)
[0]                            - performance: 2.24775 MLUPS (million lattice cell updates per second)
[0]                                           2.24775 MLUPS / process
[0]                                           n/a *) MLUPS / core
[0]                                           2.04354 MFLUPS (million fluid lattice cell updates per second)
[0]                                           2.04354 MFLUPS / process
[0]                                           n/a *) MFLUPS / core
[0]                                           8.57448 time steps / second
[0]                            - build / run information:
[0]                               + host machine:   orangepirv2
[0]                               + build machine:  orangepirv2
[0]                               + git SHA1:       GITDIR-NOTFOUND
[0]                               + build type:     Release
[0]                               + compiler flags: -O3 -DNDEBUG -O2 -ftree-vectorize -march=rv64gcv -mabi=lp64d -fno-math-errno -fPIC -Wall -Wconversion -Wshadow -Wfloat-equal -Wextra -pedantic -Wno-maybe-uninitialized -Wno-array-bounds -pthread 
[0]                            
[0]                              *) only available if environment variable 'THREADS_PER_CORE' is set
[0][RESULT  ]------(9.396 sec) Time loop timing:
[0]                            Timer                           |       % |          Total|        Average|          Count|            Min|            Max|       Variance|
[0]                            -------------------------------------------------------------------------------------------------------------------------------------------
[0]                            LB boundary sweep               |  12.42% |           0.56|          0.014|             40|          0.014|          0.014|          0.000|
[0]                            LB communication                |   0.03% |           0.00|          0.000|             40|          0.000|          0.000|          0.000|
[0]                            split pure LB sweep (collide)   |  57.90% |           2.62|          0.065|             40|          0.064|          0.068|          0.000|
[0]                            split pure LB sweep (stream)    |  29.66% |           1.34|          0.034|             40|          0.033|          0.034|          0.000|
[0]                            
[0][RESULT  ]------(9.396 sec) Simulation performance:
[0]                            - processes:   1
[0]                            - threads:     1 (threads per process = 1, threads per core = n/a *))
[0]                            - cores:       n/a *)
[0]                            - time steps:  40
[0]                            - time:        4.52552 sec
[0]                            - cells:       262144
[0]                            - fluid cells: 238328 (90.9149 % of all cells)
[0]                            - performance: 2.31703 MLUPS (million lattice cell updates per second)
[0]                                           2.31703 MLUPS / process
[0]                                           n/a *) MLUPS / core
[0]                                           2.10652 MFLUPS (million fluid lattice cell updates per second)
[0]                                           2.10652 MFLUPS / process
[0]                                           n/a *) MFLUPS / core
[0]                                           8.83876 time steps / second
[0]                            - build / run information:
[0]                               + host machine:   orangepirv2
[0]                               + build machine:  orangepirv2
[0]                               + git SHA1:       GITDIR-NOTFOUND
[0]                               + build type:     Release
[0]                               + compiler flags: -O3 -DNDEBUG -O2 -ftree-vectorize -march=rv64gcv -mabi=lp64d -fno-math-errno -fPIC -Wall -Wconversion -Wshadow -Wfloat-equal -Wextra -pedantic -Wno-maybe-uninitialized -Wno-array-bounds -pthread 
[0]                            
[0]                              *) only available if environment variable 'THREADS_PER_CORE' is set
[0][RESULT  ]-----(13.918 sec) Time loop timing:
[0]                            Timer                           |       % |          Total|        Average|          Count|            Min|            Max|       Variance|
[0]                            -------------------------------------------------------------------------------------------------------------------------------------------
[0]                            LB boundary sweep               |  12.45% |           0.56|          0.014|             40|          0.014|          0.014|          0.000|
[0]                            LB communication                |   0.02% |           0.00|          0.000|             40|          0.000|          0.000|          0.000|
[0]                            split pure LB sweep (collide)   |  57.87% |           2.61|          0.065|             40|          0.064|          0.067|          0.000|
[0]                            split pure LB sweep (stream)    |  29.65% |           1.34|          0.033|             40|          0.033|          0.034|          0.000|
[0]                            
[0][RESULT  ]-----(13.918 sec) Simulation performance:
[0]                            - processes:   1
[0]                            - threads:     1 (threads per process = 1, threads per core = n/a *))
[0]                            - cores:       n/a *)
[0]                            - time steps:  40
[0]                            - time:        4.52146 sec
[0]                            - cells:       262144
[0]                            - fluid cells: 238328 (90.9149 % of all cells)
[0]                            - performance: 2.31911 MLUPS (million lattice cell updates per second)
[0]                                           2.31911 MLUPS / process
[0]                                           n/a *) MLUPS / core
[0]                                           2.10842 MFLUPS (million fluid lattice cell updates per second)
[0]                                           2.10842 MFLUPS / process
[0]                                           n/a *) MFLUPS / core
[0]                                           8.8467 time steps / second
[0]                            - build / run information:
[0]                               + host machine:   orangepirv2
[0]                               + build machine:  orangepirv2
[0]                               + git SHA1:       GITDIR-NOTFOUND
[0]                               + build type:     Release
[0]                               + compiler flags: -O3 -DNDEBUG -O2 -ftree-vectorize -march=rv64gcv -mabi=lp64d -fno-math-errno -fPIC -Wall -Wconversion -Wshadow -Wfloat-equal -Wextra -pedantic -Wno-maybe-uninitialized -Wno-array-bounds -pthread 
[0]                            
[0]                              *) only available if environment variable 'THREADS_PER_CORE' is set
[0][RESULT  ]-----(18.435 sec) Time loop timing:
[0]                            Timer                           |       % |          Total|        Average|          Count|            Min|            Max|       Variance|
[0]                            -------------------------------------------------------------------------------------------------------------------------------------------
[0]                            LB boundary sweep               |  12.45% |           0.56|          0.014|             40|          0.014|          0.014|          0.000|
[0]                            LB communication                |   0.02% |           0.00|          0.000|             40|          0.000|          0.000|          0.000|
[0]                            split pure LB sweep (collide)   |  57.82% |           2.61|          0.065|             40|          0.064|          0.067|          0.000|
[0]                            split pure LB sweep (stream)    |  29.70% |           1.34|          0.033|             40|          0.033|          0.034|          0.000|
[0]                            
[0][RESULT  ]-----(18.435 sec) Simulation performance:
[0]                            - processes:   1
[0]                            - threads:     1 (threads per process = 1, threads per core = n/a *))
[0]                            - cores:       n/a *)
[0]                            - time steps:  40
[0]                            - time:        4.51614 sec
[0]                            - cells:       262144
[0]                            - fluid cells: 238328 (90.9149 % of all cells)
[0]                            - performance: 2.32184 MLUPS (million lattice cell updates per second)
[0]                                           2.32184 MLUPS / process
[0]                                           n/a *) MLUPS / core
[0]                                           2.1109 MFLUPS (million fluid lattice cell updates per second)
[0]                                           2.1109 MFLUPS / process
[0]                                           n/a *) MFLUPS / core
[0]                                           8.85712 time steps / second
[0]                            - build / run information:
[0]                               + host machine:   orangepirv2
[0]                               + build machine:  orangepirv2
[0]                               + git SHA1:       GITDIR-NOTFOUND
[0]                               + build type:     Release
[0]                               + compiler flags: -O3 -DNDEBUG -O2 -ftree-vectorize -march=rv64gcv -mabi=lp64d -fno-math-errno -fPIC -Wall -Wconversion -Wshadow -Wfloat-equal -Wextra -pedantic -Wno-maybe-uninitialized -Wno-array-bounds -pthread 
[0]                            
[0]                              *) only available if environment variable 'THREADS_PER_CORE' is set
[0][RESULT  ]-----(22.954 sec) Time loop timing:
[0]                            Timer                           |       % |          Total|        Average|          Count|            Min|            Max|       Variance|
[0]                            -------------------------------------------------------------------------------------------------------------------------------------------
[0]                            LB boundary sweep               |  12.45% |           0.56|          0.014|             40|          0.014|          0.014|          0.000|
[0]                            LB communication                |   0.03% |           0.00|          0.000|             40|          0.000|          0.000|          0.000|
[0]                            split pure LB sweep (collide)   |  57.84% |           2.61|          0.065|             40|          0.064|          0.067|          0.000|
[0]                            split pure LB sweep (stream)    |  29.68% |           1.34|          0.034|             40|          0.033|          0.034|          0.000|
[0]                            
[0][RESULT  ]-----(22.954 sec) Simulation performance:
[0]                            - processes:   1
[0]                            - threads:     1 (threads per process = 1, threads per core = n/a *))
[0]                            - cores:       n/a *)
[0]                            - time steps:  40
[0]                            - time:        4.51829 sec
[0]                            - cells:       262144
[0]                            - fluid cells: 238328 (90.9149 % of all cells)
[0]                            - performance: 2.32074 MLUPS (million lattice cell updates per second)
[0]                                           2.32074 MLUPS / process
[0]                                           n/a *) MLUPS / core
[0]                                           2.1099 MFLUPS (million fluid lattice cell updates per second)
[0]                                           2.1099 MFLUPS / process
[0]                                           n/a *) MFLUPS / core
[0]                                           8.85291 time steps / second
[0]                            - build / run information:
[0]                               + host machine:   orangepirv2
[0]                               + build machine:  orangepirv2
[0]                               + git SHA1:       GITDIR-NOTFOUND
[0]                               + build type:     Release
[0]                               + compiler flags: -O3 -DNDEBUG -O2 -ftree-vectorize -march=rv64gcv -mabi=lp64d -fno-math-errno -fPIC -Wall -Wconversion -Wshadow -Wfloat-equal -Wextra -pedantic -Wno-maybe-uninitialized -Wno-array-bounds -pthread 
[0]                            
[0]                              *) only available if environment variable 'THREADS_PER_CORE' is set
[0][INFO    ]-----(22.954 sec) BlockForest information:
[0]                            - LBM-specific block structure data:
[0]                               + AABB:        [ <0,0,0>, <64,64,64> ]
[0]                               + forest size: 1 x 1 x 1 blocks
[0]                               + periodicity: false x false x false
[0]                               + blocks:      1
[0]                               + block size:  64 x 64 x 64 cells
[0]                               + cells:       262144
[0]                               + fluid cells: 238328 (90.9149 % of all cells)
[0]                               + pseudo 2D:   no
[0]                            - data structure specific parameters:
[0]                               + tree ID digits: 1 (-> block ID bytes = 1)
[0]                               + process ID bytes: 0
[0][INFO    ]-----(22.954 sec) Benchmark parameters:
[0]                            - collision model:                 SRT
[0]                            - stencil:                         D3Q19
[0]                            - compressible:                    no
[0]                            - fused (stream & collide) kernel: no
[0]                            - split (collision) kernel:        yes
[0]                            - pure kernel:                     yes (collision is also performed within obstacle cells)
[0]                            - data layout:                     fzyx (structure of arrays [SoA])
[0]                            - communication:                   direction-aware optimizations
[0]                            - direct communication:            disabled
================================================================================
|         END LOGGING - Sunday, 02.August 2026, 18:11:42                       |
================================================================================
